bash: /home/pills/.oh-my-zsh/oh-my-zsh.sh: line 26: syntax error near unexpected token `('
bash: /home/pills/.oh-my-zsh/oh-my-zsh.sh: line 26: `for config_file ($ZSH/lib/*.zsh); do'

